[36mvite v6.4.1 [32mbuilding for production...[36m[39m
transforming...
[32mΓ£ô[39m 598 modules transformed.
rendering chunks...
computing gzip size...
[2mdist/[22m[32mindex.html                 [39m[1m[2m  0.89 kB[22m[1m[22m[2m Γöé gzip:  0.48 kB[22m
[2mdist/[22m[35massets/index-4sWkXqg7.css  [39m[1m[2m 10.22 kB[22m[1m[22m[2m Γöé gzip:  2.80 kB[22m
[2mdist/[22m[36massets/index-B8474rP1.js   [39m[1m[2m218.41 kB[22m[1m[22m[2m Γöé gzip: 72.05 kB[22m
[32mΓ£ô built in 4.39s[39m
